// Jest Snapshot v1, https://goo.gl/fbAQLP

exports[`happy 1`] = `
Object {
  "add": "R.add(2, 3) // =>  5",
  "adjust": "R.adjust(
  0,
  a => a + 1,
  [0, 100]
) // => [1, 100]",
  "all": "const list = [ 0, 1, 2, 3, 4 ]
const predicate = x => x > -1

const result = R.all(fn, arr)
// => true",
}
`;
