// Jest Snapshot v1, https://goo.gl/fbAQLP

exports[`happy 1`] = `
Object {
  "add": "add(a: number, b: number): number",
  "adjust": "adjust<T>(index: number, fn: (a: T) => T, list: ReadonlyArray<T>): T[]",
  "all": "all<T>(fn: (x: T) => boolean, list: ReadonlyArray<T>): boolean",
  "allPass": "allPass<T>(predicates: Array<(x: T) => boolean>): (input: T) => boolean",
  "always": "always<T>(x: T): () => T",
  "any": "any<T>(fn: (x: T, i: number) => boolean, arr: ReadonlyArray<T>): boolean",
  "anyPass": "anyPass<T>(preds: ReadonlyArray<SafePred<T>>): SafePred<T>",
  "append": "append<T>(el: T, list: ReadonlyArray<T>): T[]",
  "assoc": "assoc<T, U, K extends string>(prop: K, value: T, obj: U): Record<K, T> & U",
}
`;
